This is pdfTeX, Version 3.14159265-2.6-1.40.19 (TeX Live 2018) (preloaded format=pdflatex 2018.5.29)  29 AUG 2020 11:44
entering extended mode
 restricted \write18 enabled.
 file:line:error style messages enabled.
 %&-line parsing enabled.
**amspset.cls
(./amspset.cls
LaTeX2e <2018-04-01> patch level 5

LaTeX Warning: You have requested package `',
               but the package provides `amspset'.

Package: amspset 2005/09/07 v0.05 AMS Dept problem set class

./amspset.cls:21: LaTeX Error: Missing \begin{document}.

See the LaTeX manual or LaTeX Companion for explanation.
Type  H <return>  for immediate help.
 ...                                              
                                                  
l.21 \newif\ifamspset@
                      header
? 
./amspset.cls:21: Emergency stop.
 ...                                              
                                                  
l.21 \newif\ifamspset@
                      header
You're in trouble here.  Try typing  <return>  to proceed.
If that doesn't work, type  X <return>  to quit.

 
Here is how much of TeX's memory you used:
 14 strings out of 492647
 321 string characters out of 6129578
 56168 words of memory out of 5000000
 3997 multiletter control sequences out of 15000+600000
 3640 words of font info for 14 fonts, out of 8000000 for 9000
 1141 hyphenation exceptions out of 8191
 7i,0n,8p,102b,14s stack positions out of 5000i,500n,10000p,200000b,80000s
./amspset.cls:21:  ==> Fatal error occurred, no output PDF file produced!
